<div class="highlight"><pre><span class="nb">puts</span> <span class="s2">&quot;hello, world&quot;</span>
</pre></div>
