<div class="highlight"><pre><span class="kt">int</span> <span class="nf">main</span><span class="p">(</span><span class="kt">int</span> <span class="n">argc</span><span class="p">,</span> <span class="kt">char</span><span class="o">**</span> <span class="n">argv</span><span class="p">)</span> <span class="p">{</span>
  <span class="n">printf</span><span class="p">(</span><span class="s">&quot;Hello, world</span><span class="se">\n</span><span class="s">&quot;</span><span class="p">)</span>
<span class="p">}</span>
</pre></div>
