<h1 id="hello-world">Hello, world</h1>
<p>This is the adequate intro</p>
