<!DOCTYPE html>
<html>
  <head>
    <title>Untitled Book</title><link href="http://purl.org/dc/elements/1.1/" rel="schema.DC">
    <meta content="Avdi Grimm" name="author">
    <meta content="2014-06-24T22:56:15-04:00" name="date">
    <meta content="" name="subject">
    <meta content="Quarto 0.0.1" name="generator">
    <meta content="Untitled Book" name="DC.title">
    <meta content="Avdi Grimm" name="DC.creator">
    <meta content="" name="DC.description">
    <meta content="2014-06-24T22:56:15-04:00" name="DC.date">
    <meta content="en" name="DC.language">
    <meta content="Copyright Â© 2014 Avdi Grimm" name="DC.rights">
  </head>
  <body>
    <h1>
      Untitled Book
    </h1>
    <h3>
      Table of Contents
    </h3>
    <nav class="toc">
      <ul>
        <li>
          <a href="/fascicles/001-ch1.html">Chapter 1: An unexpected pancake</a>
        </li><li>
          <a href="/fascicles/002-ch2.html">Chapter 2: Socks and Violets</a>
        </li>
      </ul>
    </nav>
  </body>
</html>