<!DOCTYPE html>
<html>
  <head>
    <title>Untitled Book</title><link href="http://purl.org/dc/elements/1.1/" rel="schema.DC">
    <meta content="Avdi Grimm" name="author">
    <meta content="2014-06-24T22:58:24-04:00" name="date">
    <meta content="" name="subject">
    <meta content="Quarto 0.0.1" name="generator">
    <meta content="Untitled Book" name="DC.title">
    <meta content="Avdi Grimm" name="DC.creator">
    <meta content="" name="DC.description">
    <meta content="2014-06-24T22:58:24-04:00" name="DC.date">
    <meta content="en" name="DC.language">
    <meta content="Copyright Â© 2014 Avdi Grimm" name="DC.rights">
  </head>
  <body>
    <div class="fascicle">
      <h1 id="chapter-1-an-unexpected-pancake">Chapter 1: An unexpected pancake</h1>
            <p>In which our hero receives a surprise at breakfast time.</p>
          
    </div>
  </body>
</html>