<!DOCTYPE html>
<html>
  <head>
    <title>Untitled Book</title><link href="http://purl.org/dc/elements/1.1/" rel="schema.DC">
    <meta content="Avdi Grimm" name="author">
    <meta content="2014-06-29T23:41:41-04:00" name="date">
    <meta content="" name="subject">
    <meta content="Quarto 0.0.1" name="generator">
    <meta content="Untitled Book" name="DC.title">
    <meta content="Avdi Grimm" name="DC.creator">
    <meta content="" name="DC.description">
    <meta content="2014-06-29T23:41:41-04:00" name="DC.date">
    <meta content="en" name="DC.language">
    <meta content="Copyright Â© 2014 Avdi Grimm" name="DC.rights">
  </head>
  <body>
    <div class="fascicle">
      <section class="chapter toplevel" data-title="Chapter 2: Socks and Violets" data-name="chapter-2-socks-and-violets" id="signature-2-chapter-0" data-number="1" data-fascicle="build/fascicles/002-ch2.xhtml">
              <h1 id="signature-2-chapter-0-heading-1">Chapter 2: Socks and Violets</h1>
              <p>In which our hero goes unshod through the flower bed.</p>
            </section>
          
    </div>
  </body>
</html>