<div id="outline-container-sec-1" class="outline-2">
<h2 id="sec-1">Chapter 1</h2>
<div class="outline-text-2" id="text-1">
<p>
Hello from Org-Mode!
</p>

<div class="org-src-container">

<pre class="src src-ruby">puts 1 + 1
</pre>
</div>
</div>
</div>
