<h1 id="hello-again">Hello again</h1>
<p>This is chapter 1</p>
